INFO  Началась загрузка словаря из words_ru.txt
INFO  Загрузка словаря завершена
DEBUG Началась нормализация словаря. Слов: 67774
DEBUG Нормализация завершена. Слов: 67774
INFO  Игра началась
INFO  Компьютер загадал: клуня
INFO  Игрок запросил подсказку
INFO  Подсказка: клеть
INFO  Результат сравнения: ++---
DEBUG Состояние символьных переменных после попытки: 
requiredLetters: []
forbiddenLetters: [т, е, ь]
requiredPositionsForLetters: {0=к, 1=л}
forbiddenPositionsByLetter: {}

INFO  Результат сравнения: ++---
DEBUG Состояние символьных переменных после попытки: 
requiredLetters: []
forbiddenLetters: [т, е, ь]
requiredPositionsForLetters: {0=к, 1=л}
forbiddenPositionsByLetter: {}

INFO  Игрок запросил подсказку
INFO  Подсказка: клюка
INFO  Результат сравнения: ++-^-
DEBUG Состояние символьных переменных после попытки: 
requiredLetters: [к]
forbiddenLetters: [а, т, е, ь, ю]
requiredPositionsForLetters: {0=к, 1=л}
forbiddenPositionsByLetter: {к=[3]}

INFO  Результат сравнения: ++-^-
DEBUG Состояние символьных переменных после попытки: 
requiredLetters: [к]
forbiddenLetters: [а, т, е, ь, ю]
requiredPositionsForLetters: {0=к, 1=л}
forbiddenPositionsByLetter: {к=[3]}

INFO  Игрок запросил подсказку
INFO  Подсказка: клоун
INFO  Результат сравнения: ++-^^
DEBUG Состояние символьных переменных после попытки: 
requiredLetters: [у, к, н]
forbiddenLetters: [а, т, е, ь, ю, о]
requiredPositionsForLetters: {0=к, 1=л}
forbiddenPositionsByLetter: {у=[3], к=[3], н=[4]}

INFO  Результат сравнения: ++-^^
DEBUG Состояние символьных переменных после попытки: 
requiredLetters: [у, к, н]
forbiddenLetters: [а, т, е, ь, ю, о]
requiredPositionsForLetters: {0=к, 1=л}
forbiddenPositionsByLetter: {у=[3], к=[3], н=[4]}

INFO  Игрок запросил подсказку
INFO  Подсказка: клуня
DEBUG Состояние символьных переменных после попытки: 
requiredLetters: [у, к, н]
forbiddenLetters: [а, т, е, ь, ю, о]
requiredPositionsForLetters: {0=к, 1=л, 2=у, 3=н, 4=я}
forbiddenPositionsByLetter: {у=[3], к=[3], н=[4]}

DEBUG Состояние символьных переменных после попытки: 
requiredLetters: [у, к, н]
forbiddenLetters: [а, т, е, ь, ю, о]
requiredPositionsForLetters: {0=к, 1=л, 2=у, 3=н, 4=я}
forbiddenPositionsByLetter: {у=[3], к=[3], н=[4]}

INFO  Игрок победил
INFO  Началась загрузка словаря из words_ru.txt
INFO  Загрузка словаря завершена
DEBUG Началась нормализация словаря. Слов: 67774
DEBUG Нормализация завершена. Слов: 67774
INFO  Игра началась
INFO  Компьютер загадал: сарай
INFO  Игрок ввел слово: уксус
INFO  Результат сравнения: --^-^
DEBUG Состояние символьных переменных после попытки: 
requiredLetters: [с]
forbiddenLetters: [у, к]
requiredPositionsForLetters: {}
forbiddenPositionsByLetter: {с=[2, 4]}

INFO  Игрок ввел слово: аукиш
DEBUG Ошибка в игровом процессе: Такого слова нет в словаре
INFO  Игрок ввел слово: сука
DEBUG Ошибка в игровом процессе: Слово некорректной длины
INFO  Игрок ввел слово: сумка
INFO  Результат сравнения: +---^
DEBUG Состояние символьных переменных после попытки: 
requiredLetters: [а, с]
forbiddenLetters: [у, к, м]
requiredPositionsForLetters: {0=с}
forbiddenPositionsByLetter: {а=[4], с=[2, 4]}

INFO  Игрок запросил подсказку
INFO  Подсказка: спаги
INFO  Результат сравнения: +-^--
DEBUG Состояние символьных переменных после попытки: 
requiredLetters: [а, с]
forbiddenLetters: [у, г, и, к, м, п]
requiredPositionsForLetters: {0=с}
forbiddenPositionsByLetter: {а=[2, 4], с=[2, 4]}

INFO  Результат сравнения: +-^--
DEBUG Состояние символьных переменных после попытки: 
requiredLetters: [а, с]
forbiddenLetters: [у, г, и, к, м, п]
requiredPositionsForLetters: {0=с}
forbiddenPositionsByLetter: {а=[2, 4], с=[2, 4]}

INFO  Игрок запросил подсказку
INFO  Подсказка: страз
INFO  Результат сравнения: +-++-
DEBUG Состояние символьных переменных после попытки: 
requiredLetters: [а, с]
forbiddenLetters: [т, у, г, з, и, к, м, п]
requiredPositionsForLetters: {0=с, 2=р, 3=а}
forbiddenPositionsByLetter: {а=[2, 4], с=[2, 4]}

INFO  Результат сравнения: +-++-
DEBUG Состояние символьных переменных после попытки: 
requiredLetters: [а, с]
forbiddenLetters: [т, у, г, з, и, к, м, п]
requiredPositionsForLetters: {0=с, 2=р, 3=а}
forbiddenPositionsByLetter: {а=[2, 4], с=[2, 4]}

INFO  Игрок запросил подсказку
INFO  Подсказка: сарай
DEBUG Состояние символьных переменных после попытки: 
requiredLetters: [а, с]
forbiddenLetters: [т, у, г, з, и, к, м, п]
requiredPositionsForLetters: {0=с, 1=а, 2=р, 3=а, 4=й}
forbiddenPositionsByLetter: {а=[2, 4], с=[2, 4]}

DEBUG Состояние символьных переменных после попытки: 
requiredLetters: [а, с]
forbiddenLetters: [т, у, г, з, и, к, м, п]
requiredPositionsForLetters: {0=с, 1=а, 2=р, 3=а, 4=й}
forbiddenPositionsByLetter: {а=[2, 4], с=[2, 4]}

INFO  Игрок победил
INFO  Началась загрузка словаря из words_ru.txt
INFO  Загрузка словаря завершена
DEBUG Началась нормализация словаря. Слов: 67774
DEBUG Нормализация завершена. Слов: 67774
INFO  Игра началась
INFO  Компьютер загадал: щурка
INFO  Игрок запросил подсказку
INFO  Подсказка: блюдо
INFO  Результат сравнения: -----
DEBUG Состояние символьных переменных после попытки: 
requiredLetters: []
forbiddenLetters: [б, д, л, ю, о]
requiredPositionsForLetters: {}
forbiddenPositionsByLetter: {}

INFO  Результат сравнения: -----
DEBUG Состояние символьных переменных после попытки: 
requiredLetters: []
forbiddenLetters: [б, д, л, ю, о]
requiredPositionsForLetters: {}
forbiddenPositionsByLetter: {}

INFO  Игрок запросил подсказку
INFO  Подсказка: цыпка
INFO  Результат сравнения: ---++
DEBUG Состояние символьных переменных после попытки: 
requiredLetters: []
forbiddenLetters: [б, д, ц, л, ы, ю, о, п]
requiredPositionsForLetters: {3=к, 4=а}
forbiddenPositionsByLetter: {}

INFO  Результат сравнения: ---++
DEBUG Состояние символьных переменных после попытки: 
requiredLetters: []
forbiddenLetters: [б, д, ц, л, ы, ю, о, п]
requiredPositionsForLetters: {3=к, 4=а}
forbiddenPositionsByLetter: {}

INFO  Игрок запросил подсказку
INFO  Подсказка: чуйка
INFO  Результат сравнения: -+-++
DEBUG Состояние символьных переменных после попытки: 
requiredLetters: []
forbiddenLetters: [б, д, ц, ч, й, л, ы, ю, о, п]
requiredPositionsForLetters: {1=у, 3=к, 4=а}
forbiddenPositionsByLetter: {}

INFO  Результат сравнения: -+-++
DEBUG Состояние символьных переменных после попытки: 
requiredLetters: []
forbiddenLetters: [б, д, ц, ч, й, л, ы, ю, о, п]
requiredPositionsForLetters: {1=у, 3=к, 4=а}
forbiddenPositionsByLetter: {}

INFO  Игрок запросил подсказку
INFO  Подсказка: журка
INFO  Результат сравнения: -++++
DEBUG Состояние символьных переменных после попытки: 
requiredLetters: []
forbiddenLetters: [б, д, ц, ж, ч, й, л, ы, ю, о, п]
requiredPositionsForLetters: {1=у, 2=р, 3=к, 4=а}
forbiddenPositionsByLetter: {}

INFO  Результат сравнения: -++++
DEBUG Состояние символьных переменных после попытки: 
requiredLetters: []
forbiddenLetters: [б, д, ц, ж, ч, й, л, ы, ю, о, п]
requiredPositionsForLetters: {1=у, 2=р, 3=к, 4=а}
forbiddenPositionsByLetter: {}

INFO  Игрок запросил подсказку
INFO  Подсказка: курка
INFO  Результат сравнения: ^++++
DEBUG Состояние символьных переменных после попытки: 
requiredLetters: [к]
forbiddenLetters: [б, д, ц, ж, ч, й, л, ы, ю, о, п]
requiredPositionsForLetters: {1=у, 2=р, 3=к, 4=а}
forbiddenPositionsByLetter: {к=[0]}

INFO  Результат сравнения: ^++++
DEBUG Состояние символьных переменных после попытки: 
requiredLetters: [к]
forbiddenLetters: [б, д, ц, ж, ч, й, л, ы, ю, о, п]
requiredPositionsForLetters: {1=у, 2=р, 3=к, 4=а}
forbiddenPositionsByLetter: {к=[0]}

INFO  Игрок запросил подсказку
INFO  Подсказка: щурка
DEBUG Состояние символьных переменных после попытки: 
requiredLetters: [к]
forbiddenLetters: [б, д, ц, ж, ч, й, л, ы, ю, о, п]
requiredPositionsForLetters: {0=щ, 1=у, 2=р, 3=к, 4=а}
forbiddenPositionsByLetter: {к=[0]}

DEBUG Состояние символьных переменных после попытки: 
requiredLetters: [к]
forbiddenLetters: [б, д, ц, ж, ч, й, л, ы, ю, о, п]
requiredPositionsForLetters: {0=щ, 1=у, 2=р, 3=к, 4=а}
forbiddenPositionsByLetter: {к=[0]}

INFO  Игрок победил
